import { describe, expect, it } from "vitest";
import { fixtureIdFromHash, pageFromHash } from "./route";

describe("hash route", () => {
  it("resolves fixtures and all legacy top-level routes", () => {
    expect(pageFromHash("")).toBe("dashboard");
    expect(pageFromHash("#/dashboard")).toBe("dashboard");
    expect(pageFromHash("#/fixtures")).toBe("fixtures");
    expect(pageFromHash("#/analysis")).toBe("analysis");
    expect(pageFromHash("#analysis")).toBe("analysis");
    expect(pageFromHash("#/history")).toBe("history");
    expect(pageFromHash("#/nope")).toBe("dashboard");
    expect(pageFromHash("#/fixtures-old")).toBe("dashboard");
  });

  it("extracts fixture id from dashboard detail hash", () => {
    expect(fixtureIdFromHash("#/dashboard/game%201")).toBe("game 1");
    expect(fixtureIdFromHash("#/dashboard")).toBeNull();
    expect(fixtureIdFromHash("#/analysis")).toBeNull();
  });
});
